<!doctype html>
<html>
<head>
  <meta charset="utf-8">
  <title>Title</title>
</head>
<body ontouchstart="" ng-controller="MainCtrl">
  <div>
<!-- ngInclude: ''fixtures/recursive-2.html'' -->
<div class="recursive-includes">
  <div>
<!-- ngInclude: ''fixtures/partial-1.html'' -->
<p>foo</p>
<!--/ngInclude: ''fixtures/partial-1.html'' -->
</div>
  <div>
<!-- ngInclude: ''fixtures/partial-2.html'' -->
<p>bar</p>
<!--/ngInclude: ''fixtures/partial-2.html'' -->
</div>
</div>
<p>baz</p>
<!--/ngInclude: ''fixtures/recursive-2.html'' -->
</div>
</body>
</html>
